[next-auth][warn][NEXTAUTH_URL] 
https://next-auth.js.org/warnings#nextauth_url
[next-auth][warn][NO_SECRET] 
https://next-auth.js.org/warnings#no_secret
 ⨯ Error: Cannot find module './524.js'
Require stack:
- D:\gji_research\GJI-DDC\gj-jn-policy-radar-web\.next\server\webpack-runtime.js
- D:\gji_research\GJI-DDC\gj-jn-policy-radar-web\.next\server\app\reports\page.js
- D:\gji_research\GJI-DDC\gj-jn-policy-radar-web\node_modules\.pnpm\next@14.2.35_@playwright+te_a466e221dfe76eb6a42f4d2db719b2ed\node_modules\next\dist\server\require.js
- D:\gji_research\GJI-DDC\gj-jn-policy-radar-web\node_modules\.pnpm\next@14.2.35_@playwright+te_a466e221dfe76eb6a42f4d2db719b2ed\node_modules\next\dist\server\load-components.js
- D:\gji_research\GJI-DDC\gj-jn-policy-radar-web\node_modules\.pnpm\next@14.2.35_@playwright+te_a466e221dfe76eb6a42f4d2db719b2ed\node_modules\next\dist\build\utils.js
- D:\gji_research\GJI-DDC\gj-jn-policy-radar-web\node_modules\.pnpm\next@14.2.35_@playwright+te_a466e221dfe76eb6a42f4d2db719b2ed\node_modules\next\dist\server\dev\hot-middleware.js
- D:\gji_research\GJI-DDC\gj-jn-policy-radar-web\node_modules\.pnpm\next@14.2.35_@playwright+te_a466e221dfe76eb6a42f4d2db719b2ed\node_modules\next\dist\server\dev\hot-reloader-webpack.js
- D:\gji_research\GJI-DDC\gj-jn-policy-radar-web\node_modules\.pnpm\next@14.2.35_@playwright+te_a466e221dfe76eb6a42f4d2db719b2ed\node_modules\next\dist\server\lib\router-utils\setup-dev-bundler.js
- D:\gji_research\GJI-DDC\gj-jn-policy-radar-web\node_modules\.pnpm\next@14.2.35_@playwright+te_a466e221dfe76eb6a42f4d2db719b2ed\node_modules\next\dist\server\lib\router-server.js
- D:\gji_research\GJI-DDC\gj-jn-policy-radar-web\node_modules\.pnpm\next@14.2.35_@playwright+te_a466e221dfe76eb6a42f4d2db719b2ed\node_modules\next\dist\server\lib\start-server.js
    at Module.<anonymous> (node:internal/modules/cjs/loader:1421:15)
    at D:\gji_research\GJI-DDC\gj-jn-policy-radar-web\node_modules\.pnpm\next@14.2.35_@playwright+te_a466e221dfe76eb6a42f4d2db719b2ed\node_modules\next\dist\server\require-hook.js:55:36
    at defaultResolveImpl (node:internal/modules/cjs/loader:1059:19)
    at resolveForCJSWithHooks (node:internal/modules/cjs/loader:1064:22)
    at Module._load (node:internal/modules/cjs/loader:1227:37)
    at TracingChannel.traceSync (node:diagnostics_channel:328:14)
    at wrapModuleLoad (node:internal/modules/cjs/loader:245:24)
    at Module.<anonymous> (node:internal/modules/cjs/loader:1504:12)
    at mod.require (D:\gji_research\GJI-DDC\gj-jn-policy-radar-web\node_modules\.pnpm\next@14.2.35_@playwright+te_a466e221dfe76eb6a42f4d2db719b2ed\node_modules\next\dist\server\require-hook.js:65:28)
    at require (node:internal/modules/helpers:152:16)
    at __webpack_require__.f.require (D:\gji_research\GJI-DDC\gj-jn-policy-radar-web\.next\server\webpack-runtime.js:203:28)
    at D:\gji_research\GJI-DDC\gj-jn-policy-radar-web\.next\server\webpack-runtime.js:111:40
    at Array.reduce (<anonymous>)
    at __webpack_require__.e (D:\gji_research\GJI-DDC\gj-jn-policy-radar-web\.next\server\webpack-runtime.js:110:67)
    at Array.map (<anonymous>)
    at __webpack_require__.X (D:\gji_research\GJI-DDC\gj-jn-policy-radar-web\.next\server\webpack-runtime.js:162:22)
    at D:\gji_research\GJI-DDC\gj-jn-policy-radar-web\.next\server\app\page.js:1:14771
    at Object.<anonymous> (D:\gji_research\GJI-DDC\gj-jn-policy-radar-web\.next\server\app\page.js:1:14825)
    at Module._compile (node:internal/modules/cjs/loader:1761:14)
    at Object..js (node:internal/modules/cjs/loader:1893:10)
    at Module.load (node:internal/modules/cjs/loader:1481:32)
    at Module._load (node:internal/modules/cjs/loader:1300:12)
    at TracingChannel.traceSync (node:diagnostics_channel:328:14)
    at wrapModuleLoad (node:internal/modules/cjs/loader:245:24)
    at Module.<anonymous> (node:internal/modules/cjs/loader:1504:12)
    at mod.require (D:\gji_research\GJI-DDC\gj-jn-policy-radar-web\node_modules\.pnpm\next@14.2.35_@playwright+te_a466e221dfe76eb6a42f4d2db719b2ed\node_modules\next\dist\server\require-hook.js:65:28)
    at require (node:internal/modules/helpers:152:16)
    at requirePage (D:\gji_research\GJI-DDC\gj-jn-policy-radar-web\node_modules\.pnpm\next@14.2.35_@playwright+te_a466e221dfe76eb6a42f4d2db719b2ed\node_modules\next\dist\server\require.js:109:84)
    at D:\gji_research\GJI-DDC\gj-jn-policy-radar-web\node_modules\.pnpm\next@14.2.35_@playwright+te_a466e221dfe76eb6a42f4d2db719b2ed\node_modules\next\dist\server\load-components.js:103:84
    at async loadComponentsImpl (D:\gji_research\GJI-DDC\gj-jn-policy-radar-web\node_modules\.pnpm\next@14.2.35_@playwright+te_a466e221dfe76eb6a42f4d2db719b2ed\node_modules\next\dist\server\load-components.js:103:26)
    at async DevServer.findPageComponentsImpl (D:\gji_research\GJI-DDC\gj-jn-policy-radar-web\node_modules\.pnpm\next@14.2.35_@playwright+te_a466e221dfe76eb6a42f4d2db719b2ed\node_modules\next\dist\server\next-server.js:714:36)
    at async DevServer.findPageComponents (D:\gji_research\GJI-DDC\gj-jn-policy-radar-web\node_modules\.pnpm\next@14.2.35_@playwright+te_a466e221dfe76eb6a42f4d2db719b2ed\node_modules\next\dist\server\dev\next-dev-server.js:577:20)
    at async DevServer.renderPageComponent (D:\gji_research\GJI-DDC\gj-jn-policy-radar-web\node_modules\.pnpm\next@14.2.35_@playwright+te_a466e221dfe76eb6a42f4d2db719b2ed\node_modules\next\dist\server\base-server.js:1910:24)
    at async DevServer.renderToResponseImpl (D:\gji_research\GJI-DDC\gj-jn-policy-radar-web\node_modules\.pnpm\next@14.2.35_@playwright+te_a466e221dfe76eb6a42f4d2db719b2ed\node_modules\next\dist\server\base-server.js:1962:32)
    at async DevServer.pipeImpl (D:\gji_research\GJI-DDC\gj-jn-policy-radar-web\node_modules\.pnpm\next@14.2.35_@playwright+te_a466e221dfe76eb6a42f4d2db719b2ed\node_modules\next\dist\server\base-server.js:922:25)
    at async NextNodeServer.handleCatchallRenderRequest (D:\gji_research\GJI-DDC\gj-jn-policy-radar-web\node_modules\.pnpm\next@14.2.35_@playwright+te_a466e221dfe76eb6a42f4d2db719b2ed\node_modules\next\dist\server\next-server.js:272:17)
    at async DevServer.handleRequestImpl (D:\gji_research\GJI-DDC\gj-jn-policy-radar-web\node_modules\.pnpm\next@14.2.35_@playwright+te_a466e221dfe76eb6a42f4d2db719b2ed\node_modules\next\dist\server\base-server.js:818:17)
    at async D:\gji_research\GJI-DDC\gj-jn-policy-radar-web\node_modules\.pnpm\next@14.2.35_@playwright+te_a466e221dfe76eb6a42f4d2db719b2ed\node_modules\next\dist\server\dev\next-dev-server.js:339:20
    at async Span.traceAsyncFn (D:\gji_research\GJI-DDC\gj-jn-policy-radar-web\node_modules\.pnpm\next@14.2.35_@playwright+te_a466e221dfe76eb6a42f4d2db719b2ed\node_modules\next\dist\trace\trace.js:154:20)
    at async DevServer.handleRequest (D:\gji_research\GJI-DDC\gj-jn-policy-radar-web\node_modules\.pnpm\next@14.2.35_@playwright+te_a466e221dfe76eb6a42f4d2db719b2ed\node_modules\next\dist\server\dev\next-dev-server.js:336:24)
    at async invokeRender (D:\gji_research\GJI-DDC\gj-jn-policy-radar-web\node_modules\.pnpm\next@14.2.35_@playwright+te_a466e221dfe76eb6a42f4d2db719b2ed\node_modules\next\dist\server\lib\router-server.js:179:21)
    at async handleRequest (D:\gji_research\GJI-DDC\gj-jn-policy-radar-web\node_modules\.pnpm\next@14.2.35_@playwright+te_a466e221dfe76eb6a42f4d2db719b2ed\node_modules\next\dist\server\lib\router-server.js:359:24)
    at async requestHandlerImpl (D:\gji_research\GJI-DDC\gj-jn-policy-radar-web\node_modules\.pnpm\next@14.2.35_@playwright+te_a466e221dfe76eb6a42f4d2db719b2ed\node_modules\next\dist\server\lib\router-server.js:383:13)
    at async Server.requestListener (D:\gji_research\GJI-DDC\gj-jn-policy-radar-web\node_modules\.pnpm\next@14.2.35_@playwright+te_a466e221dfe76eb6a42f4d2db719b2ed\node_modules\next\dist\server\lib\start-server.js:141:13) {
  code: 'MODULE_NOT_FOUND',
  requireStack: [
    'D:\\gji_research\\GJI-DDC\\gj-jn-policy-radar-web\\.next\\server\\webpack-runtime.js',
    'D:\\gji_research\\GJI-DDC\\gj-jn-policy-radar-web\\.next\\server\\app\\reports\\page.js',
    'D:\\gji_research\\GJI-DDC\\gj-jn-policy-radar-web\\node_modules\\.pnpm\\next@14.2.35_@playwright+te_a466e221dfe76eb6a42f4d2db719b2ed\\node_modules\\next\\dist\\server\\require.js',
    'D:\\gji_research\\GJI-DDC\\gj-jn-policy-radar-web\\node_modules\\.pnpm\\next@14.2.35_@playwright+te_a466e221dfe76eb6a42f4d2db719b2ed\\node_modules\\next\\dist\\server\\load-components.js',
    'D:\\gji_research\\GJI-DDC\\gj-jn-policy-radar-web\\node_modules\\.pnpm\\next@14.2.35_@playwright+te_a466e221dfe76eb6a42f4d2db719b2ed\\node_modules\\next\\dist\\build\\utils.js',
    'D:\\gji_research\\GJI-DDC\\gj-jn-policy-radar-web\\node_modules\\.pnpm\\next@14.2.35_@playwright+te_a466e221dfe76eb6a42f4d2db719b2ed\\node_modules\\next\\dist\\server\\dev\\hot-middleware.js',
    'D:\\gji_research\\GJI-DDC\\gj-jn-policy-radar-web\\node_modules\\.pnpm\\next@14.2.35_@playwright+te_a466e221dfe76eb6a42f4d2db719b2ed\\node_modules\\next\\dist\\server\\dev\\hot-reloader-webpack.js',
    'D:\\gji_research\\GJI-DDC\\gj-jn-policy-radar-web\\node_modules\\.pnpm\\next@14.2.35_@playwright+te_a466e221dfe76eb6a42f4d2db719b2ed\\node_modules\\next\\dist\\server\\lib\\router-utils\\setup-dev-bundler.js',
    'D:\\gji_research\\GJI-DDC\\gj-jn-policy-radar-web\\node_modules\\.pnpm\\next@14.2.35_@playwright+te_a466e221dfe76eb6a42f4d2db719b2ed\\node_modules\\next\\dist\\server\\lib\\router-server.js',
    'D:\\gji_research\\GJI-DDC\\gj-jn-policy-radar-web\\node_modules\\.pnpm\\next@14.2.35_@playwright+te_a466e221dfe76eb6a42f4d2db719b2ed\\node_modules\\next\\dist\\server\\lib\\start-server.js'
  ],
  page: '/'
}
<w> [webpack.cache.PackFileCacheStrategy] Caching failed for pack: Error: ENOENT: no such file or directory, lstat 'D:\gji_research\GJI-DDC\gj-jn-policy-radar-web\.next\server\vendor-chunks\maplibre-gl@5.24.0.js'
<w> [webpack.cache.PackFileCacheStrategy/webpack.FileSystemInfo] Resolving './vendor-chunks/maplibre-gl@5.24.0' in D:\gji_research\GJI-DDC\gj-jn-policy-radar-web\.next\server for build dependencies doesn't lead to expected result 'D:\gji_research\GJI-DDC\gj-jn-policy-radar-web\.next\server\vendor-chunks\maplibre-gl@5.24.0.js', but to 'Error: Can't resolve './vendor-chunks/maplibre-gl@5.24.0' in 'D:\gji_research\GJI-DDC\gj-jn-policy-radar-web\.next\server'' instead. Resolving dependencies are ignored for this path.
<w>  at resolve commonjs file ./vendor-chunks/maplibre-gl@5.24.0 (expected D:\gji_research\GJI-DDC\gj-jn-policy-radar-web\.next\server\vendor-chunks\maplibre-gl@5.24.0.js)
<w>  at file dependencies D:\gji_research\GJI-DDC\gj-jn-policy-radar-web\.next\server\webpack-runtime.js
<w>  at file D:\gji_research\GJI-DDC\gj-jn-policy-radar-web\.next\server\webpack-runtime.js
<w>  at file dependencies D:\gji_research\GJI-DDC\gj-jn-policy-radar-web\.next\server\app\map\page.js
<w>  at file D:\gji_research\GJI-DDC\gj-jn-policy-radar-web\.next\server\app\map\page.js
<w>  at file dependencies D:\gji_research\GJI-DDC\gj-jn-policy-radar-web\node_modules\.pnpm\next@14.2.35_@playwright+te_a466e221dfe76eb6a42f4d2db719b2ed\node_modules\next\dist\server\require.js
<w>  at file D:\gji_research\GJI-DDC\gj-jn-policy-radar-web\node_modules\.pnpm\next@14.2.35_@playwright+te_a466e221dfe76eb6a42f4d2db719b2ed\node_modules\next\dist\server\require.js
<w>  at file dependencies D:\gji_research\GJI-DDC\gj-jn-policy-radar-web\node_modules\.pnpm\next@14.2.35_@playwright+te_a466e221dfe76eb6a42f4d2db719b2ed\node_modules\next\dist\server\load-components.js
<w>  at file D:\gji_research\GJI-DDC\gj-jn-policy-radar-web\node_modules\.pnpm\next@14.2.35_@playwright+te_a466e221dfe76eb6a42f4d2db719b2ed\node_modules\next\dist\server\load-components.js
<w>  at file dependencies D:\gji_research\GJI-DDC\gj-jn-policy-radar-web\node_modules\.pnpm\next@14.2.35_@playwright+te_a466e221dfe76eb6a42f4d2db719b2ed\node_modules\next\dist\build\utils.js
<w>  at file D:\gji_research\GJI-DDC\gj-jn-policy-radar-web\node_modules\.pnpm\next@14.2.35_@playwright+te_a466e221dfe76eb6a42f4d2db719b2ed\node_modules\next\dist\build\utils.js
<w>  at file dependencies D:\gji_research\GJI-DDC\gj-jn-policy-radar-web\node_modules\.pnpm\next@14.2.35_@playwright+te_a466e221dfe76eb6a42f4d2db719b2ed\node_modules\next\dist\build\webpack\loaders\next-route-loader\index.js
<w>  at file D:\gji_research\GJI-DDC\gj-jn-policy-radar-web\node_modules\.pnpm\next@14.2.35_@playwright+te_a466e221dfe76eb6a42f4d2db719b2ed\node_modules\next\dist\build\webpack\loaders\next-route-loader\index.js
<w>  at resolve commonjs D:\gji_research\GJI-DDC\gj-jn-policy-radar-web\node_modules\.pnpm\next@14.2.35_@playwright+te_a466e221dfe76eb6a42f4d2db719b2ed\node_modules\next\dist\build\webpack\loaders\next-route-loader\index.js
<w> [webpack.cache.PackFileCacheStrategy] Caching failed for pack: Error: ENOENT: no such file or directory, lstat 'D:\gji_research\GJI-DDC\gj-jn-policy-radar-web\.next\server\vendor-chunks\maplibre-gl@5.24.0.js'
<w> [webpack.cache.PackFileCacheStrategy/webpack.FileSystemInfo] Resolving './vendor-chunks/maplibre-gl@5.24.0' in D:\gji_research\GJI-DDC\gj-jn-policy-radar-web\.next\server for build dependencies doesn't lead to expected result 'D:\gji_research\GJI-DDC\gj-jn-policy-radar-web\.next\server\vendor-chunks\maplibre-gl@5.24.0.js', but to 'Error: Can't resolve './vendor-chunks/maplibre-gl@5.24.0' in 'D:\gji_research\GJI-DDC\gj-jn-policy-radar-web\.next\server'' instead. Resolving dependencies are ignored for this path.
<w>  at resolve commonjs file ./vendor-chunks/maplibre-gl@5.24.0 (expected D:\gji_research\GJI-DDC\gj-jn-policy-radar-web\.next\server\vendor-chunks\maplibre-gl@5.24.0.js)
<w>  at file dependencies D:\gji_research\GJI-DDC\gj-jn-policy-radar-web\.next\server\webpack-runtime.js
<w>  at file D:\gji_research\GJI-DDC\gj-jn-policy-radar-web\.next\server\webpack-runtime.js
<w>  at file dependencies D:\gji_research\GJI-DDC\gj-jn-policy-radar-web\.next\server\app\map\page.js
<w>  at file D:\gji_research\GJI-DDC\gj-jn-policy-radar-web\.next\server\app\map\page.js
<w>  at file dependencies D:\gji_research\GJI-DDC\gj-jn-policy-radar-web\node_modules\.pnpm\next@14.2.35_@playwright+te_a466e221dfe76eb6a42f4d2db719b2ed\node_modules\next\dist\server\require.js
<w>  at file D:\gji_research\GJI-DDC\gj-jn-policy-radar-web\node_modules\.pnpm\next@14.2.35_@playwright+te_a466e221dfe76eb6a42f4d2db719b2ed\node_modules\next\dist\server\require.js
<w>  at file dependencies D:\gji_research\GJI-DDC\gj-jn-policy-radar-web\node_modules\.pnpm\next@14.2.35_@playwright+te_a466e221dfe76eb6a42f4d2db719b2ed\node_modules\next\dist\server\load-components.js
<w>  at file D:\gji_research\GJI-DDC\gj-jn-policy-radar-web\node_modules\.pnpm\next@14.2.35_@playwright+te_a466e221dfe76eb6a42f4d2db719b2ed\node_modules\next\dist\server\load-components.js
<w>  at file dependencies D:\gji_research\GJI-DDC\gj-jn-policy-radar-web\node_modules\.pnpm\next@14.2.35_@playwright+te_a466e221dfe76eb6a42f4d2db719b2ed\node_modules\next\dist\build\utils.js
<w>  at file D:\gji_research\GJI-DDC\gj-jn-policy-radar-web\node_modules\.pnpm\next@14.2.35_@playwright+te_a466e221dfe76eb6a42f4d2db719b2ed\node_modules\next\dist\build\utils.js
<w>  at file dependencies D:\gji_research\GJI-DDC\gj-jn-policy-radar-web\node_modules\.pnpm\next@14.2.35_@playwright+te_a466e221dfe76eb6a42f4d2db719b2ed\node_modules\next\dist\build\webpack\loaders\next-route-loader\index.js
<w>  at file D:\gji_research\GJI-DDC\gj-jn-policy-radar-web\node_modules\.pnpm\next@14.2.35_@playwright+te_a466e221dfe76eb6a42f4d2db719b2ed\node_modules\next\dist\build\webpack\loaders\next-route-loader\index.js
<w>  at resolve commonjs D:\gji_research\GJI-DDC\gj-jn-policy-radar-web\node_modules\.pnpm\next@14.2.35_@playwright+te_a466e221dfe76eb6a42f4d2db719b2ed\node_modules\next\dist\build\webpack\loaders\next-route-loader\index.js
<w> [webpack.cache.PackFileCacheStrategy/webpack.FileSystemInfo] Resolving './vendor-chunks/cytoscape@3.33.4' in D:\gji_research\GJI-DDC\gj-jn-policy-radar-web\.next\server for build dependencies doesn't lead to expected result 'D:\gji_research\GJI-DDC\gj-jn-policy-radar-web\.next\server\vendor-chunks\cytoscape@3.33.4.js', but to 'Error: Can't resolve './vendor-chunks/cytoscape@3.33.4' in 'D:\gji_research\GJI-DDC\gj-jn-policy-radar-web\.next\server'' instead. Resolving dependencies are ignored for this path.
<w>  at resolve commonjs file ./vendor-chunks/cytoscape@3.33.4 (expected D:\gji_research\GJI-DDC\gj-jn-policy-radar-web\.next\server\vendor-chunks\cytoscape@3.33.4.js)
<w>  at file dependencies D:\gji_research\GJI-DDC\gj-jn-policy-radar-web\.next\server\webpack-runtime.js
<w>  at file D:\gji_research\GJI-DDC\gj-jn-policy-radar-web\.next\server\webpack-runtime.js
<w>  at file dependencies D:\gji_research\GJI-DDC\gj-jn-policy-radar-web\.next\server\app\map\page.js
<w>  at file D:\gji_research\GJI-DDC\gj-jn-policy-radar-web\.next\server\app\map\page.js
<w>  at file dependencies D:\gji_research\GJI-DDC\gj-jn-policy-radar-web\node_modules\.pnpm\next@14.2.35_@playwright+te_a466e221dfe76eb6a42f4d2db719b2ed\node_modules\next\dist\server\require.js
<w>  at file D:\gji_research\GJI-DDC\gj-jn-policy-radar-web\node_modules\.pnpm\next@14.2.35_@playwright+te_a466e221dfe76eb6a42f4d2db719b2ed\node_modules\next\dist\server\require.js
<w>  at file dependencies D:\gji_research\GJI-DDC\gj-jn-policy-radar-web\node_modules\.pnpm\next@14.2.35_@playwright+te_a466e221dfe76eb6a42f4d2db719b2ed\node_modules\next\dist\server\load-components.js
<w>  at file D:\gji_research\GJI-DDC\gj-jn-policy-radar-web\node_modules\.pnpm\next@14.2.35_@playwright+te_a466e221dfe76eb6a42f4d2db719b2ed\node_modules\next\dist\server\load-components.js
<w>  at file dependencies D:\gji_research\GJI-DDC\gj-jn-policy-radar-web\node_modules\.pnpm\next@14.2.35_@playwright+te_a466e221dfe76eb6a42f4d2db719b2ed\node_modules\next\dist\build\utils.js
<w>  at file D:\gji_research\GJI-DDC\gj-jn-policy-radar-web\node_modules\.pnpm\next@14.2.35_@playwright+te_a466e221dfe76eb6a42f4d2db719b2ed\node_modules\next\dist\build\utils.js
<w>  at file dependencies D:\gji_research\GJI-DDC\gj-jn-policy-radar-web\node_modules\.pnpm\next@14.2.35_@playwright+te_a466e221dfe76eb6a42f4d2db719b2ed\node_modules\next\dist\build\webpack\loaders\next-route-loader\index.js
<w>  at file D:\gji_research\GJI-DDC\gj-jn-policy-radar-web\node_modules\.pnpm\next@14.2.35_@playwright+te_a466e221dfe76eb6a42f4d2db719b2ed\node_modules\next\dist\build\webpack\loaders\next-route-loader\index.js
<w>  at resolve commonjs D:\gji_research\GJI-DDC\gj-jn-policy-radar-web\node_modules\.pnpm\next@14.2.35_@playwright+te_a466e221dfe76eb6a42f4d2db719b2ed\node_modules\next\dist\build\webpack\loaders\next-route-loader\index.js
<w> [webpack.cache.PackFileCacheStrategy] Caching failed for pack: Error: ENOENT: no such file or directory, lstat 'D:\gji_research\GJI-DDC\gj-jn-policy-radar-web\.next\server\vendor-chunks\zustand@5.0.13_@types+react@18.3.29_react@18.3.1.js'
<w> [webpack.cache.PackFileCacheStrategy/webpack.FileSystemInfo] Resolving './vendor-chunks/zustand@5.0.13_@types+react@18.3.29_react@18.3.1' in D:\gji_research\GJI-DDC\gj-jn-policy-radar-web\.next\server for build dependencies doesn't lead to expected result 'D:\gji_research\GJI-DDC\gj-jn-policy-radar-web\.next\server\vendor-chunks\zustand@5.0.13_@types+react@18.3.29_react@18.3.1.js', but to 'Error: Can't resolve './vendor-chunks/zustand@5.0.13_@types+react@18.3.29_react@18.3.1' in 'D:\gji_research\GJI-DDC\gj-jn-policy-radar-web\.next\server'' instead. Resolving dependencies are ignored for this path.
<w>  at resolve commonjs file ./vendor-chunks/zustand@5.0.13_@types+react@18.3.29_react@18.3.1 (expected D:\gji_research\GJI-DDC\gj-jn-policy-radar-web\.next\server\vendor-chunks\zustand@5.0.13_@types+react@18.3.29_react@18.3.1.js)
<w>  at file dependencies D:\gji_research\GJI-DDC\gj-jn-policy-radar-web\.next\server\webpack-runtime.js
<w>  at file D:\gji_research\GJI-DDC\gj-jn-policy-radar-web\.next\server\webpack-runtime.js
<w>  at file dependencies D:\gji_research\GJI-DDC\gj-jn-policy-radar-web\.next\server\app\explorer\page.js
<w>  at file D:\gji_research\GJI-DDC\gj-jn-policy-radar-web\.next\server\app\explorer\page.js
<w>  at file dependencies D:\gji_research\GJI-DDC\gj-jn-policy-radar-web\node_modules\.pnpm\next@14.2.35_@playwright+te_a466e221dfe76eb6a42f4d2db719b2ed\node_modules\next\dist\server\require.js
<w>  at file D:\gji_research\GJI-DDC\gj-jn-policy-radar-web\node_modules\.pnpm\next@14.2.35_@playwright+te_a466e221dfe76eb6a42f4d2db719b2ed\node_modules\next\dist\server\require.js
<w>  at file dependencies D:\gji_research\GJI-DDC\gj-jn-policy-radar-web\node_modules\.pnpm\next@14.2.35_@playwright+te_a466e221dfe76eb6a42f4d2db719b2ed\node_modules\next\dist\server\load-components.js
<w>  at file D:\gji_research\GJI-DDC\gj-jn-policy-radar-web\node_modules\.pnpm\next@14.2.35_@playwright+te_a466e221dfe76eb6a42f4d2db719b2ed\node_modules\next\dist\server\load-components.js
<w>  at file dependencies D:\gji_research\GJI-DDC\gj-jn-policy-radar-web\node_modules\.pnpm\next@14.2.35_@playwright+te_a466e221dfe76eb6a42f4d2db719b2ed\node_modules\next\dist\build\utils.js
<w>  at file D:\gji_research\GJI-DDC\gj-jn-policy-radar-web\node_modules\.pnpm\next@14.2.35_@playwright+te_a466e221dfe76eb6a42f4d2db719b2ed\node_modules\next\dist\build\utils.js
<w>  at file dependencies D:\gji_research\GJI-DDC\gj-jn-policy-radar-web\node_modules\.pnpm\next@14.2.35_@playwright+te_a466e221dfe76eb6a42f4d2db719b2ed\node_modules\next\dist\build\webpack\loaders\next-route-loader\index.js
<w>  at file D:\gji_research\GJI-DDC\gj-jn-policy-radar-web\node_modules\.pnpm\next@14.2.35_@playwright+te_a466e221dfe76eb6a42f4d2db719b2ed\node_modules\next\dist\build\webpack\loaders\next-route-loader\index.js
<w>  at resolve commonjs D:\gji_research\GJI-DDC\gj-jn-policy-radar-web\node_modules\.pnpm\next@14.2.35_@playwright+te_a466e221dfe76eb6a42f4d2db719b2ed\node_modules\next\dist\build\webpack\loaders\next-route-loader\index.js
<w> [webpack.cache.PackFileCacheStrategy/webpack.FileSystemInfo] Resolving './vendor-chunks/@radix-ui+react-presence@1._a21225e729190c5fca1bf151b328a6ee' in D:\gji_research\GJI-DDC\gj-jn-policy-radar-web\.next\server for build dependencies doesn't lead to expected result 'D:\gji_research\GJI-DDC\gj-jn-policy-radar-web\.next\server\vendor-chunks\@radix-ui+react-presence@1._a21225e729190c5fca1bf151b328a6ee.js', but to 'Error: Can't resolve './vendor-chunks/@radix-ui+react-presence@1._a21225e729190c5fca1bf151b328a6ee' in 'D:\gji_research\GJI-DDC\gj-jn-policy-radar-web\.next\server'' instead. Resolving dependencies are ignored for this path.
<w>  at resolve commonjs file ./vendor-chunks/@radix-ui+react-presence@1._a21225e729190c5fca1bf151b328a6ee (expected D:\gji_research\GJI-DDC\gj-jn-policy-radar-web\.next\server\vendor-chunks\@radix-ui+react-presence@1._a21225e729190c5fca1bf151b328a6ee.js)
<w>  at file dependencies D:\gji_research\GJI-DDC\gj-jn-policy-radar-web\.next\server\webpack-runtime.js
<w>  at file D:\gji_research\GJI-DDC\gj-jn-policy-radar-web\.next\server\webpack-runtime.js
<w>  at file dependencies D:\gji_research\GJI-DDC\gj-jn-policy-radar-web\.next\server\app\explorer\page.js
<w>  at file D:\gji_research\GJI-DDC\gj-jn-policy-radar-web\.next\server\app\explorer\page.js
<w>  at file dependencies D:\gji_research\GJI-DDC\gj-jn-policy-radar-web\node_modules\.pnpm\next@14.2.35_@playwright+te_a466e221dfe76eb6a42f4d2db719b2ed\node_modules\next\dist\server\require.js
<w>  at file D:\gji_research\GJI-DDC\gj-jn-policy-radar-web\node_modules\.pnpm\next@14.2.35_@playwright+te_a466e221dfe76eb6a42f4d2db719b2ed\node_modules\next\dist\server\require.js
<w>  at file dependencies D:\gji_research\GJI-DDC\gj-jn-policy-radar-web\node_modules\.pnpm\next@14.2.35_@playwright+te_a466e221dfe76eb6a42f4d2db719b2ed\node_modules\next\dist\server\load-components.js
<w>  at file D:\gji_research\GJI-DDC\gj-jn-policy-radar-web\node_modules\.pnpm\next@14.2.35_@playwright+te_a466e221dfe76eb6a42f4d2db719b2ed\node_modules\next\dist\server\load-components.js
<w>  at file dependencies D:\gji_research\GJI-DDC\gj-jn-policy-radar-web\node_modules\.pnpm\next@14.2.35_@playwright+te_a466e221dfe76eb6a42f4d2db719b2ed\node_modules\next\dist\build\utils.js
<w>  at file D:\gji_research\GJI-DDC\gj-jn-policy-radar-web\node_modules\.pnpm\next@14.2.35_@playwright+te_a466e221dfe76eb6a42f4d2db719b2ed\node_modules\next\dist\build\utils.js
<w>  at file dependencies D:\gji_research\GJI-DDC\gj-jn-policy-radar-web\node_modules\.pnpm\next@14.2.35_@playwright+te_a466e221dfe76eb6a42f4d2db719b2ed\node_modules\next\dist\build\webpack\loaders\next-route-loader\index.js
<w>  at file D:\gji_research\GJI-DDC\gj-jn-policy-radar-web\node_modules\.pnpm\next@14.2.35_@playwright+te_a466e221dfe76eb6a42f4d2db719b2ed\node_modules\next\dist\build\webpack\loaders\next-route-loader\index.js
<w>  at resolve commonjs D:\gji_research\GJI-DDC\gj-jn-policy-radar-web\node_modules\.pnpm\next@14.2.35_@playwright+te_a466e221dfe76eb6a42f4d2db719b2ed\node_modules\next\dist\build\webpack\loaders\next-route-loader\index.js
<w> [webpack.cache.PackFileCacheStrategy/webpack.FileSystemInfo] Resolving './vendor-chunks/@radix-ui+react-tabs@1.1.13_902c0f1d8a37924dc2fc37ef191ba661' in D:\gji_research\GJI-DDC\gj-jn-policy-radar-web\.next\server for build dependencies doesn't lead to expected result 'D:\gji_research\GJI-DDC\gj-jn-policy-radar-web\.next\server\vendor-chunks\@radix-ui+react-tabs@1.1.13_902c0f1d8a37924dc2fc37ef191ba661.js', but to 'Error: Can't resolve './vendor-chunks/@radix-ui+react-tabs@1.1.13_902c0f1d8a37924dc2fc37ef191ba661' in 'D:\gji_research\GJI-DDC\gj-jn-policy-radar-web\.next\server'' instead. Resolving dependencies are ignored for this path.
<w>  at resolve commonjs file ./vendor-chunks/@radix-ui+react-tabs@1.1.13_902c0f1d8a37924dc2fc37ef191ba661 (expected D:\gji_research\GJI-DDC\gj-jn-policy-radar-web\.next\server\vendor-chunks\@radix-ui+react-tabs@1.1.13_902c0f1d8a37924dc2fc37ef191ba661.js)
<w>  at file dependencies D:\gji_research\GJI-DDC\gj-jn-policy-radar-web\.next\server\webpack-runtime.js
<w>  at file D:\gji_research\GJI-DDC\gj-jn-policy-radar-web\.next\server\webpack-runtime.js
<w>  at file dependencies D:\gji_research\GJI-DDC\gj-jn-policy-radar-web\.next\server\app\explorer\page.js
<w>  at file D:\gji_research\GJI-DDC\gj-jn-policy-radar-web\.next\server\app\explorer\page.js
<w>  at file dependencies D:\gji_research\GJI-DDC\gj-jn-policy-radar-web\node_modules\.pnpm\next@14.2.35_@playwright+te_a466e221dfe76eb6a42f4d2db719b2ed\node_modules\next\dist\server\require.js
<w>  at file D:\gji_research\GJI-DDC\gj-jn-policy-radar-web\node_modules\.pnpm\next@14.2.35_@playwright+te_a466e221dfe76eb6a42f4d2db719b2ed\node_modules\next\dist\server\require.js
<w>  at file dependencies D:\gji_research\GJI-DDC\gj-jn-policy-radar-web\node_modules\.pnpm\next@14.2.35_@playwright+te_a466e221dfe76eb6a42f4d2db719b2ed\node_modules\next\dist\server\load-components.js
<w>  at file D:\gji_research\GJI-DDC\gj-jn-policy-radar-web\node_modules\.pnpm\next@14.2.35_@playwright+te_a466e221dfe76eb6a42f4d2db719b2ed\node_modules\next\dist\server\load-components.js
<w>  at file dependencies D:\gji_research\GJI-DDC\gj-jn-policy-radar-web\node_modules\.pnpm\next@14.2.35_@playwright+te_a466e221dfe76eb6a42f4d2db719b2ed\node_modules\next\dist\build\utils.js
<w>  at file D:\gji_research\GJI-DDC\gj-jn-policy-radar-web\node_modules\.pnpm\next@14.2.35_@playwright+te_a466e221dfe76eb6a42f4d2db719b2ed\node_modules\next\dist\build\utils.js
<w>  at file dependencies D:\gji_research\GJI-DDC\gj-jn-policy-radar-web\node_modules\.pnpm\next@14.2.35_@playwright+te_a466e221dfe76eb6a42f4d2db719b2ed\node_modules\next\dist\build\webpack\loaders\next-route-loader\index.js
<w>  at file D:\gji_research\GJI-DDC\gj-jn-policy-radar-web\node_modules\.pnpm\next@14.2.35_@playwright+te_a466e221dfe76eb6a42f4d2db719b2ed\node_modules\next\dist\build\webpack\loaders\next-route-loader\index.js
<w>  at resolve commonjs D:\gji_research\GJI-DDC\gj-jn-policy-radar-web\node_modules\.pnpm\next@14.2.35_@playwright+te_a466e221dfe76eb6a42f4d2db719b2ed\node_modules\next\dist\build\webpack\loaders\next-route-loader\index.js
<w> [webpack.cache.PackFileCacheStrategy] Caching failed for pack: Error: ENOENT: no such file or directory, lstat 'D:\gji_research\GJI-DDC\gj-jn-policy-radar-web\.next\server\vendor-chunks\zustand@5.0.13_@types+react@18.3.29_react@18.3.1.js'
<w> [webpack.cache.PackFileCacheStrategy/webpack.FileSystemInfo] Resolving './vendor-chunks/zustand@5.0.13_@types+react@18.3.29_react@18.3.1' in D:\gji_research\GJI-DDC\gj-jn-policy-radar-web\.next\server for build dependencies doesn't lead to expected result 'D:\gji_research\GJI-DDC\gj-jn-policy-radar-web\.next\server\vendor-chunks\zustand@5.0.13_@types+react@18.3.29_react@18.3.1.js', but to 'Error: Can't resolve './vendor-chunks/zustand@5.0.13_@types+react@18.3.29_react@18.3.1' in 'D:\gji_research\GJI-DDC\gj-jn-policy-radar-web\.next\server'' instead. Resolving dependencies are ignored for this path.
<w>  at resolve commonjs file ./vendor-chunks/zustand@5.0.13_@types+react@18.3.29_react@18.3.1 (expected D:\gji_research\GJI-DDC\gj-jn-policy-radar-web\.next\server\vendor-chunks\zustand@5.0.13_@types+react@18.3.29_react@18.3.1.js)
<w>  at file dependencies D:\gji_research\GJI-DDC\gj-jn-policy-radar-web\.next\server\webpack-runtime.js
<w>  at file D:\gji_research\GJI-DDC\gj-jn-policy-radar-web\.next\server\webpack-runtime.js
<w>  at file dependencies D:\gji_research\GJI-DDC\gj-jn-policy-radar-web\.next\server\app\_not-found\page.js
<w>  at file D:\gji_research\GJI-DDC\gj-jn-policy-radar-web\.next\server\app\_not-found\page.js
<w>  at file dependencies D:\gji_research\GJI-DDC\gj-jn-policy-radar-web\node_modules\.pnpm\next@14.2.35_@playwright+te_a466e221dfe76eb6a42f4d2db719b2ed\node_modules\next\dist\server\require.js
<w>  at file D:\gji_research\GJI-DDC\gj-jn-policy-radar-web\node_modules\.pnpm\next@14.2.35_@playwright+te_a466e221dfe76eb6a42f4d2db719b2ed\node_modules\next\dist\server\require.js
<w>  at file dependencies D:\gji_research\GJI-DDC\gj-jn-policy-radar-web\node_modules\.pnpm\next@14.2.35_@playwright+te_a466e221dfe76eb6a42f4d2db719b2ed\node_modules\next\dist\server\load-components.js
<w>  at file D:\gji_research\GJI-DDC\gj-jn-policy-radar-web\node_modules\.pnpm\next@14.2.35_@playwright+te_a466e221dfe76eb6a42f4d2db719b2ed\node_modules\next\dist\server\load-components.js
<w>  at file dependencies D:\gji_research\GJI-DDC\gj-jn-policy-radar-web\node_modules\.pnpm\next@14.2.35_@playwright+te_a466e221dfe76eb6a42f4d2db719b2ed\node_modules\next\dist\build\utils.js
<w>  at file D:\gji_research\GJI-DDC\gj-jn-policy-radar-web\node_modules\.pnpm\next@14.2.35_@playwright+te_a466e221dfe76eb6a42f4d2db719b2ed\node_modules\next\dist\build\utils.js
<w>  at file dependencies D:\gji_research\GJI-DDC\gj-jn-policy-radar-web\node_modules\.pnpm\next@14.2.35_@playwright+te_a466e221dfe76eb6a42f4d2db719b2ed\node_modules\next\dist\build\webpack\loaders\next-route-loader\index.js
<w>  at file D:\gji_research\GJI-DDC\gj-jn-policy-radar-web\node_modules\.pnpm\next@14.2.35_@playwright+te_a466e221dfe76eb6a42f4d2db719b2ed\node_modules\next\dist\build\webpack\loaders\next-route-loader\index.js
<w>  at resolve commonjs D:\gji_research\GJI-DDC\gj-jn-policy-radar-web\node_modules\.pnpm\next@14.2.35_@playwright+te_a466e221dfe76eb6a42f4d2db719b2ed\node_modules\next\dist\build\webpack\loaders\next-route-loader\index.js
<w> [webpack.cache.PackFileCacheStrategy/webpack.FileSystemInfo] Resolving './vendor-chunks/@radix-ui+react-presence@1._a21225e729190c5fca1bf151b328a6ee' in D:\gji_research\GJI-DDC\gj-jn-policy-radar-web\.next\server for build dependencies doesn't lead to expected result 'D:\gji_research\GJI-DDC\gj-jn-policy-radar-web\.next\server\vendor-chunks\@radix-ui+react-presence@1._a21225e729190c5fca1bf151b328a6ee.js', but to 'Error: Can't resolve './vendor-chunks/@radix-ui+react-presence@1._a21225e729190c5fca1bf151b328a6ee' in 'D:\gji_research\GJI-DDC\gj-jn-policy-radar-web\.next\server'' instead. Resolving dependencies are ignored for this path.
<w>  at resolve commonjs file ./vendor-chunks/@radix-ui+react-presence@1._a21225e729190c5fca1bf151b328a6ee (expected D:\gji_research\GJI-DDC\gj-jn-policy-radar-web\.next\server\vendor-chunks\@radix-ui+react-presence@1._a21225e729190c5fca1bf151b328a6ee.js)
<w>  at file dependencies D:\gji_research\GJI-DDC\gj-jn-policy-radar-web\.next\server\webpack-runtime.js
<w>  at file D:\gji_research\GJI-DDC\gj-jn-policy-radar-web\.next\server\webpack-runtime.js
<w>  at file dependencies D:\gji_research\GJI-DDC\gj-jn-policy-radar-web\.next\server\app\_not-found\page.js
<w>  at file D:\gji_research\GJI-DDC\gj-jn-policy-radar-web\.next\server\app\_not-found\page.js
<w>  at file dependencies D:\gji_research\GJI-DDC\gj-jn-policy-radar-web\node_modules\.pnpm\next@14.2.35_@playwright+te_a466e221dfe76eb6a42f4d2db719b2ed\node_modules\next\dist\server\require.js
<w>  at file D:\gji_research\GJI-DDC\gj-jn-policy-radar-web\node_modules\.pnpm\next@14.2.35_@playwright+te_a466e221dfe76eb6a42f4d2db719b2ed\node_modules\next\dist\server\require.js
<w>  at file dependencies D:\gji_research\GJI-DDC\gj-jn-policy-radar-web\node_modules\.pnpm\next@14.2.35_@playwright+te_a466e221dfe76eb6a42f4d2db719b2ed\node_modules\next\dist\server\load-components.js
<w>  at file D:\gji_research\GJI-DDC\gj-jn-policy-radar-web\node_modules\.pnpm\next@14.2.35_@playwright+te_a466e221dfe76eb6a42f4d2db719b2ed\node_modules\next\dist\server\load-components.js
<w>  at file dependencies D:\gji_research\GJI-DDC\gj-jn-policy-radar-web\node_modules\.pnpm\next@14.2.35_@playwright+te_a466e221dfe76eb6a42f4d2db719b2ed\node_modules\next\dist\build\utils.js
<w>  at file D:\gji_research\GJI-DDC\gj-jn-policy-radar-web\node_modules\.pnpm\next@14.2.35_@playwright+te_a466e221dfe76eb6a42f4d2db719b2ed\node_modules\next\dist\build\utils.js
<w>  at file dependencies D:\gji_research\GJI-DDC\gj-jn-policy-radar-web\node_modules\.pnpm\next@14.2.35_@playwright+te_a466e221dfe76eb6a42f4d2db719b2ed\node_modules\next\dist\build\webpack\loaders\next-route-loader\index.js
<w>  at file D:\gji_research\GJI-DDC\gj-jn-policy-radar-web\node_modules\.pnpm\next@14.2.35_@playwright+te_a466e221dfe76eb6a42f4d2db719b2ed\node_modules\next\dist\build\webpack\loaders\next-route-loader\index.js
<w>  at resolve commonjs D:\gji_research\GJI-DDC\gj-jn-policy-radar-web\node_modules\.pnpm\next@14.2.35_@playwright+te_a466e221dfe76eb6a42f4d2db719b2ed\node_modules\next\dist\build\webpack\loaders\next-route-loader\index.js
<w> [webpack.cache.PackFileCacheStrategy/webpack.FileSystemInfo] Resolving './vendor-chunks/@radix-ui+react-tabs@1.1.13_902c0f1d8a37924dc2fc37ef191ba661' in D:\gji_research\GJI-DDC\gj-jn-policy-radar-web\.next\server for build dependencies doesn't lead to expected result 'D:\gji_research\GJI-DDC\gj-jn-policy-radar-web\.next\server\vendor-chunks\@radix-ui+react-tabs@1.1.13_902c0f1d8a37924dc2fc37ef191ba661.js', but to 'Error: Can't resolve './vendor-chunks/@radix-ui+react-tabs@1.1.13_902c0f1d8a37924dc2fc37ef191ba661' in 'D:\gji_research\GJI-DDC\gj-jn-policy-radar-web\.next\server'' instead. Resolving dependencies are ignored for this path.
<w>  at resolve commonjs file ./vendor-chunks/@radix-ui+react-tabs@1.1.13_902c0f1d8a37924dc2fc37ef191ba661 (expected D:\gji_research\GJI-DDC\gj-jn-policy-radar-web\.next\server\vendor-chunks\@radix-ui+react-tabs@1.1.13_902c0f1d8a37924dc2fc37ef191ba661.js)
<w>  at file dependencies D:\gji_research\GJI-DDC\gj-jn-policy-radar-web\.next\server\webpack-runtime.js
<w>  at file D:\gji_research\GJI-DDC\gj-jn-policy-radar-web\.next\server\webpack-runtime.js
<w>  at file dependencies D:\gji_research\GJI-DDC\gj-jn-policy-radar-web\.next\server\app\_not-found\page.js
<w>  at file D:\gji_research\GJI-DDC\gj-jn-policy-radar-web\.next\server\app\_not-found\page.js
<w>  at file dependencies D:\gji_research\GJI-DDC\gj-jn-policy-radar-web\node_modules\.pnpm\next@14.2.35_@playwright+te_a466e221dfe76eb6a42f4d2db719b2ed\node_modules\next\dist\server\require.js
<w>  at file D:\gji_research\GJI-DDC\gj-jn-policy-radar-web\node_modules\.pnpm\next@14.2.35_@playwright+te_a466e221dfe76eb6a42f4d2db719b2ed\node_modules\next\dist\server\require.js
<w>  at file dependencies D:\gji_research\GJI-DDC\gj-jn-policy-radar-web\node_modules\.pnpm\next@14.2.35_@playwright+te_a466e221dfe76eb6a42f4d2db719b2ed\node_modules\next\dist\server\load-components.js
<w>  at file D:\gji_research\GJI-DDC\gj-jn-policy-radar-web\node_modules\.pnpm\next@14.2.35_@playwright+te_a466e221dfe76eb6a42f4d2db719b2ed\node_modules\next\dist\server\load-components.js
<w>  at file dependencies D:\gji_research\GJI-DDC\gj-jn-policy-radar-web\node_modules\.pnpm\next@14.2.35_@playwright+te_a466e221dfe76eb6a42f4d2db719b2ed\node_modules\next\dist\build\utils.js
<w>  at file D:\gji_research\GJI-DDC\gj-jn-policy-radar-web\node_modules\.pnpm\next@14.2.35_@playwright+te_a466e221dfe76eb6a42f4d2db719b2ed\node_modules\next\dist\build\utils.js
<w>  at file dependencies D:\gji_research\GJI-DDC\gj-jn-policy-radar-web\node_modules\.pnpm\next@14.2.35_@playwright+te_a466e221dfe76eb6a42f4d2db719b2ed\node_modules\next\dist\build\webpack\loaders\next-route-loader\index.js
<w>  at file D:\gji_research\GJI-DDC\gj-jn-policy-radar-web\node_modules\.pnpm\next@14.2.35_@playwright+te_a466e221dfe76eb6a42f4d2db719b2ed\node_modules\next\dist\build\webpack\loaders\next-route-loader\index.js
<w>  at resolve commonjs D:\gji_research\GJI-DDC\gj-jn-policy-radar-web\node_modules\.pnpm\next@14.2.35_@playwright+te_a466e221dfe76eb6a42f4d2db719b2ed\node_modules\next\dist\build\webpack\loaders\next-route-loader\index.js
<w> [webpack.cache.PackFileCacheStrategy/webpack.FileSystemInfo] Resolving './vendor-chunks/@radix-ui+react-roving-focu_9d6930dbd5508287ed8d605cdecb0ee4' in D:\gji_research\GJI-DDC\gj-jn-policy-radar-web\.next\server for build dependencies doesn't lead to expected result 'D:\gji_research\GJI-DDC\gj-jn-policy-radar-web\.next\server\vendor-chunks\@radix-ui+react-roving-focu_9d6930dbd5508287ed8d605cdecb0ee4.js', but to 'Error: Can't resolve './vendor-chunks/@radix-ui+react-roving-focu_9d6930dbd5508287ed8d605cdecb0ee4' in 'D:\gji_research\GJI-DDC\gj-jn-policy-radar-web\.next\server'' instead. Resolving dependencies are ignored for this path.
<w>  at resolve commonjs file ./vendor-chunks/@radix-ui+react-roving-focu_9d6930dbd5508287ed8d605cdecb0ee4 (expected D:\gji_research\GJI-DDC\gj-jn-policy-radar-web\.next\server\vendor-chunks\@radix-ui+react-roving-focu_9d6930dbd5508287ed8d605cdecb0ee4.js)
<w>  at file dependencies D:\gji_research\GJI-DDC\gj-jn-policy-radar-web\.next\server\webpack-runtime.js
<w>  at file D:\gji_research\GJI-DDC\gj-jn-policy-radar-web\.next\server\webpack-runtime.js
<w>  at file dependencies D:\gji_research\GJI-DDC\gj-jn-policy-radar-web\.next\server\app\_not-found\page.js
<w>  at file D:\gji_research\GJI-DDC\gj-jn-policy-radar-web\.next\server\app\_not-found\page.js
<w>  at file dependencies D:\gji_research\GJI-DDC\gj-jn-policy-radar-web\node_modules\.pnpm\next@14.2.35_@playwright+te_a466e221dfe76eb6a42f4d2db719b2ed\node_modules\next\dist\server\require.js
<w>  at file D:\gji_research\GJI-DDC\gj-jn-policy-radar-web\node_modules\.pnpm\next@14.2.35_@playwright+te_a466e221dfe76eb6a42f4d2db719b2ed\node_modules\next\dist\server\require.js
<w>  at file dependencies D:\gji_research\GJI-DDC\gj-jn-policy-radar-web\node_modules\.pnpm\next@14.2.35_@playwright+te_a466e221dfe76eb6a42f4d2db719b2ed\node_modules\next\dist\server\load-components.js
<w>  at file D:\gji_research\GJI-DDC\gj-jn-policy-radar-web\node_modules\.pnpm\next@14.2.35_@playwright+te_a466e221dfe76eb6a42f4d2db719b2ed\node_modules\next\dist\server\load-components.js
<w>  at file dependencies D:\gji_research\GJI-DDC\gj-jn-policy-radar-web\node_modules\.pnpm\next@14.2.35_@playwright+te_a466e221dfe76eb6a42f4d2db719b2ed\node_modules\next\dist\build\utils.js
<w>  at file D:\gji_research\GJI-DDC\gj-jn-policy-radar-web\node_modules\.pnpm\next@14.2.35_@playwright+te_a466e221dfe76eb6a42f4d2db719b2ed\node_modules\next\dist\build\utils.js
<w>  at file dependencies D:\gji_research\GJI-DDC\gj-jn-policy-radar-web\node_modules\.pnpm\next@14.2.35_@playwright+te_a466e221dfe76eb6a42f4d2db719b2ed\node_modules\next\dist\build\webpack\loaders\next-route-loader\index.js
<w>  at file D:\gji_research\GJI-DDC\gj-jn-policy-radar-web\node_modules\.pnpm\next@14.2.35_@playwright+te_a466e221dfe76eb6a42f4d2db719b2ed\node_modules\next\dist\build\webpack\loaders\next-route-loader\index.js
<w>  at resolve commonjs D:\gji_research\GJI-DDC\gj-jn-policy-radar-web\node_modules\.pnpm\next@14.2.35_@playwright+te_a466e221dfe76eb6a42f4d2db719b2ed\node_modules\next\dist\build\webpack\loaders\next-route-loader\index.js
<w> [webpack.cache.PackFileCacheStrategy/webpack.FileSystemInfo] Resolving './vendor-chunks/@radix-ui+number@1.1.1' in D:\gji_research\GJI-DDC\gj-jn-policy-radar-web\.next\server for build dependencies doesn't lead to expected result 'D:\gji_research\GJI-DDC\gj-jn-policy-radar-web\.next\server\vendor-chunks\@radix-ui+number@1.1.1.js', but to 'Error: Can't resolve './vendor-chunks/@radix-ui+number@1.1.1' in 'D:\gji_research\GJI-DDC\gj-jn-policy-radar-web\.next\server'' instead. Resolving dependencies are ignored for this path.
<w>  at resolve commonjs file ./vendor-chunks/@radix-ui+number@1.1.1 (expected D:\gji_research\GJI-DDC\gj-jn-policy-radar-web\.next\server\vendor-chunks\@radix-ui+number@1.1.1.js)
<w>  at file dependencies D:\gji_research\GJI-DDC\gj-jn-policy-radar-web\.next\server\webpack-runtime.js
<w>  at file D:\gji_research\GJI-DDC\gj-jn-policy-radar-web\.next\server\webpack-runtime.js
<w>  at file dependencies D:\gji_research\GJI-DDC\gj-jn-policy-radar-web\.next\server\app\_not-found\page.js
<w>  at file D:\gji_research\GJI-DDC\gj-jn-policy-radar-web\.next\server\app\_not-found\page.js
<w>  at file dependencies D:\gji_research\GJI-DDC\gj-jn-policy-radar-web\node_modules\.pnpm\next@14.2.35_@playwright+te_a466e221dfe76eb6a42f4d2db719b2ed\node_modules\next\dist\server\require.js
<w>  at file D:\gji_research\GJI-DDC\gj-jn-policy-radar-web\node_modules\.pnpm\next@14.2.35_@playwright+te_a466e221dfe76eb6a42f4d2db719b2ed\node_modules\next\dist\server\require.js
<w>  at file dependencies D:\gji_research\GJI-DDC\gj-jn-policy-radar-web\node_modules\.pnpm\next@14.2.35_@playwright+te_a466e221dfe76eb6a42f4d2db719b2ed\node_modules\next\dist\server\load-components.js
<w>  at file D:\gji_research\GJI-DDC\gj-jn-policy-radar-web\node_modules\.pnpm\next@14.2.35_@playwright+te_a466e221dfe76eb6a42f4d2db719b2ed\node_modules\next\dist\server\load-components.js
<w>  at file dependencies D:\gji_research\GJI-DDC\gj-jn-policy-radar-web\node_modules\.pnpm\next@14.2.35_@playwright+te_a466e221dfe76eb6a42f4d2db719b2ed\node_modules\next\dist\build\utils.js
<w>  at file D:\gji_research\GJI-DDC\gj-jn-policy-radar-web\node_modules\.pnpm\next@14.2.35_@playwright+te_a466e221dfe76eb6a42f4d2db719b2ed\node_modules\next\dist\build\utils.js
<w>  at file dependencies D:\gji_research\GJI-DDC\gj-jn-policy-radar-web\node_modules\.pnpm\next@14.2.35_@playwright+te_a466e221dfe76eb6a42f4d2db719b2ed\node_modules\next\dist\build\webpack\loaders\next-route-loader\index.js
<w>  at file D:\gji_research\GJI-DDC\gj-jn-policy-radar-web\node_modules\.pnpm\next@14.2.35_@playwright+te_a466e221dfe76eb6a42f4d2db719b2ed\node_modules\next\dist\build\webpack\loaders\next-route-loader\index.js
<w>  at resolve commonjs D:\gji_research\GJI-DDC\gj-jn-policy-radar-web\node_modules\.pnpm\next@14.2.35_@playwright+te_a466e221dfe76eb6a42f4d2db719b2ed\node_modules\next\dist\build\webpack\loaders\next-route-loader\index.js
<w> [webpack.cache.PackFileCacheStrategy] Caching failed for pack: Error: ENOENT: no such file or directory, lstat 'D:\gji_research\GJI-DDC\gj-jn-policy-radar-web\.next\server\vendor-chunks\fast-deep-equal@3.1.3.js'
<w> [webpack.cache.PackFileCacheStrategy/webpack.FileSystemInfo] Resolving './vendor-chunks/fast-deep-equal@3.1.3' in D:\gji_research\GJI-DDC\gj-jn-policy-radar-web\.next\server for build dependencies doesn't lead to expected result 'D:\gji_research\GJI-DDC\gj-jn-policy-radar-web\.next\server\vendor-chunks\fast-deep-equal@3.1.3.js', but to 'Error: Can't resolve './vendor-chunks/fast-deep-equal@3.1.3' in 'D:\gji_research\GJI-DDC\gj-jn-policy-radar-web\.next\server'' instead. Resolving dependencies are ignored for this path.
<w>  at resolve commonjs file ./vendor-chunks/fast-deep-equal@3.1.3 (expected D:\gji_research\GJI-DDC\gj-jn-policy-radar-web\.next\server\vendor-chunks\fast-deep-equal@3.1.3.js)
<w>  at file dependencies D:\gji_research\GJI-DDC\gj-jn-policy-radar-web\.next\server\webpack-runtime.js
<w>  at file D:\gji_research\GJI-DDC\gj-jn-policy-radar-web\.next\server\webpack-runtime.js
<w>  at file dependencies D:\gji_research\GJI-DDC\gj-jn-policy-radar-web\.next\server\app\_not-found\page.js
<w>  at file D:\gji_research\GJI-DDC\gj-jn-policy-radar-web\.next\server\app\_not-found\page.js
<w>  at file dependencies D:\gji_research\GJI-DDC\gj-jn-policy-radar-web\node_modules\.pnpm\next@14.2.35_@playwright+te_a466e221dfe76eb6a42f4d2db719b2ed\node_modules\next\dist\server\require.js
<w>  at file D:\gji_research\GJI-DDC\gj-jn-policy-radar-web\node_modules\.pnpm\next@14.2.35_@playwright+te_a466e221dfe76eb6a42f4d2db719b2ed\node_modules\next\dist\server\require.js
<w>  at file dependencies D:\gji_research\GJI-DDC\gj-jn-policy-radar-web\node_modules\.pnpm\next@14.2.35_@playwright+te_a466e221dfe76eb6a42f4d2db719b2ed\node_modules\next\dist\server\load-components.js
<w>  at file D:\gji_research\GJI-DDC\gj-jn-policy-radar-web\node_modules\.pnpm\next@14.2.35_@playwright+te_a466e221dfe76eb6a42f4d2db719b2ed\node_modules\next\dist\server\load-components.js
<w>  at file dependencies D:\gji_research\GJI-DDC\gj-jn-policy-radar-web\node_modules\.pnpm\next@14.2.35_@playwright+te_a466e221dfe76eb6a42f4d2db719b2ed\node_modules\next\dist\build\utils.js
<w>  at file D:\gji_research\GJI-DDC\gj-jn-policy-radar-web\node_modules\.pnpm\next@14.2.35_@playwright+te_a466e221dfe76eb6a42f4d2db719b2ed\node_modules\next\dist\build\utils.js
<w>  at file dependencies D:\gji_research\GJI-DDC\gj-jn-policy-radar-web\node_modules\.pnpm\next@14.2.35_@playwright+te_a466e221dfe76eb6a42f4d2db719b2ed\node_modules\next\dist\build\webpack\loaders\next-route-loader\index.js
<w>  at file D:\gji_research\GJI-DDC\gj-jn-policy-radar-web\node_modules\.pnpm\next@14.2.35_@playwright+te_a466e221dfe76eb6a42f4d2db719b2ed\node_modules\next\dist\build\webpack\loaders\next-route-loader\index.js
<w>  at resolve commonjs D:\gji_research\GJI-DDC\gj-jn-policy-radar-web\node_modules\.pnpm\next@14.2.35_@playwright+te_a466e221dfe76eb6a42f4d2db719b2ed\node_modules\next\dist\build\webpack\loaders\next-route-loader\index.js
<w> [webpack.cache.PackFileCacheStrategy/webpack.FileSystemInfo] Resolving './vendor-chunks/@radix-ui+react-presence@1._a21225e729190c5fca1bf151b328a6ee' in D:\gji_research\GJI-DDC\gj-jn-policy-radar-web\.next\server for build dependencies doesn't lead to expected result 'D:\gji_research\GJI-DDC\gj-jn-policy-radar-web\.next\server\vendor-chunks\@radix-ui+react-presence@1._a21225e729190c5fca1bf151b328a6ee.js', but to 'Error: Can't resolve './vendor-chunks/@radix-ui+react-presence@1._a21225e729190c5fca1bf151b328a6ee' in 'D:\gji_research\GJI-DDC\gj-jn-policy-radar-web\.next\server'' instead. Resolving dependencies are ignored for this path.
<w>  at resolve commonjs file ./vendor-chunks/@radix-ui+react-presence@1._a21225e729190c5fca1bf151b328a6ee (expected D:\gji_research\GJI-DDC\gj-jn-policy-radar-web\.next\server\vendor-chunks\@radix-ui+react-presence@1._a21225e729190c5fca1bf151b328a6ee.js)
<w>  at file dependencies D:\gji_research\GJI-DDC\gj-jn-policy-radar-web\.next\server\webpack-runtime.js
<w>  at file D:\gji_research\GJI-DDC\gj-jn-policy-radar-web\.next\server\webpack-runtime.js
<w>  at file dependencies D:\gji_research\GJI-DDC\gj-jn-policy-radar-web\.next\server\app\_not-found\page.js
<w>  at file D:\gji_research\GJI-DDC\gj-jn-policy-radar-web\.next\server\app\_not-found\page.js
<w>  at file dependencies D:\gji_research\GJI-DDC\gj-jn-policy-radar-web\node_modules\.pnpm\next@14.2.35_@playwright+te_a466e221dfe76eb6a42f4d2db719b2ed\node_modules\next\dist\server\require.js
<w>  at file D:\gji_research\GJI-DDC\gj-jn-policy-radar-web\node_modules\.pnpm\next@14.2.35_@playwright+te_a466e221dfe76eb6a42f4d2db719b2ed\node_modules\next\dist\server\require.js
<w>  at file dependencies D:\gji_research\GJI-DDC\gj-jn-policy-radar-web\node_modules\.pnpm\next@14.2.35_@playwright+te_a466e221dfe76eb6a42f4d2db719b2ed\node_modules\next\dist\server\load-components.js
<w>  at file D:\gji_research\GJI-DDC\gj-jn-policy-radar-web\node_modules\.pnpm\next@14.2.35_@playwright+te_a466e221dfe76eb6a42f4d2db719b2ed\node_modules\next\dist\server\load-components.js
<w>  at file dependencies D:\gji_research\GJI-DDC\gj-jn-policy-radar-web\node_modules\.pnpm\next@14.2.35_@playwright+te_a466e221dfe76eb6a42f4d2db719b2ed\node_modules\next\dist\build\utils.js
<w>  at file D:\gji_research\GJI-DDC\gj-jn-policy-radar-web\node_modules\.pnpm\next@14.2.35_@playwright+te_a466e221dfe76eb6a42f4d2db719b2ed\node_modules\next\dist\build\utils.js
<w>  at file dependencies D:\gji_research\GJI-DDC\gj-jn-policy-radar-web\node_modules\.pnpm\next@14.2.35_@playwright+te_a466e221dfe76eb6a42f4d2db719b2ed\node_modules\next\dist\build\webpack\loaders\next-route-loader\index.js
<w>  at file D:\gji_research\GJI-DDC\gj-jn-policy-radar-web\node_modules\.pnpm\next@14.2.35_@playwright+te_a466e221dfe76eb6a42f4d2db719b2ed\node_modules\next\dist\build\webpack\loaders\next-route-loader\index.js
<w>  at resolve commonjs D:\gji_research\GJI-DDC\gj-jn-policy-radar-web\node_modules\.pnpm\next@14.2.35_@playwright+te_a466e221dfe76eb6a42f4d2db719b2ed\node_modules\next\dist\build\webpack\loaders\next-route-loader\index.js
<w> [webpack.cache.PackFileCacheStrategy/webpack.FileSystemInfo] Resolving './vendor-chunks/@radix-ui+react-tabs@1.1.13_902c0f1d8a37924dc2fc37ef191ba661' in D:\gji_research\GJI-DDC\gj-jn-policy-radar-web\.next\server for build dependencies doesn't lead to expected result 'D:\gji_research\GJI-DDC\gj-jn-policy-radar-web\.next\server\vendor-chunks\@radix-ui+react-tabs@1.1.13_902c0f1d8a37924dc2fc37ef191ba661.js', but to 'Error: Can't resolve './vendor-chunks/@radix-ui+react-tabs@1.1.13_902c0f1d8a37924dc2fc37ef191ba661' in 'D:\gji_research\GJI-DDC\gj-jn-policy-radar-web\.next\server'' instead. Resolving dependencies are ignored for this path.
<w>  at resolve commonjs file ./vendor-chunks/@radix-ui+react-tabs@1.1.13_902c0f1d8a37924dc2fc37ef191ba661 (expected D:\gji_research\GJI-DDC\gj-jn-policy-radar-web\.next\server\vendor-chunks\@radix-ui+react-tabs@1.1.13_902c0f1d8a37924dc2fc37ef191ba661.js)
<w>  at file dependencies D:\gji_research\GJI-DDC\gj-jn-policy-radar-web\.next\server\webpack-runtime.js
<w>  at file D:\gji_research\GJI-DDC\gj-jn-policy-radar-web\.next\server\webpack-runtime.js
<w>  at file dependencies D:\gji_research\GJI-DDC\gj-jn-policy-radar-web\.next\server\app\_not-found\page.js
<w>  at file D:\gji_research\GJI-DDC\gj-jn-policy-radar-web\.next\server\app\_not-found\page.js
<w>  at file dependencies D:\gji_research\GJI-DDC\gj-jn-policy-radar-web\node_modules\.pnpm\next@14.2.35_@playwright+te_a466e221dfe76eb6a42f4d2db719b2ed\node_modules\next\dist\server\require.js
<w>  at file D:\gji_research\GJI-DDC\gj-jn-policy-radar-web\node_modules\.pnpm\next@14.2.35_@playwright+te_a466e221dfe76eb6a42f4d2db719b2ed\node_modules\next\dist\server\require.js
<w>  at file dependencies D:\gji_research\GJI-DDC\gj-jn-policy-radar-web\node_modules\.pnpm\next@14.2.35_@playwright+te_a466e221dfe76eb6a42f4d2db719b2ed\node_modules\next\dist\server\load-components.js
<w>  at file D:\gji_research\GJI-DDC\gj-jn-policy-radar-web\node_modules\.pnpm\next@14.2.35_@playwright+te_a466e221dfe76eb6a42f4d2db719b2ed\node_modules\next\dist\server\load-components.js
<w>  at file dependencies D:\gji_research\GJI-DDC\gj-jn-policy-radar-web\node_modules\.pnpm\next@14.2.35_@playwright+te_a466e221dfe76eb6a42f4d2db719b2ed\node_modules\next\dist\build\utils.js
<w>  at file D:\gji_research\GJI-DDC\gj-jn-policy-radar-web\node_modules\.pnpm\next@14.2.35_@playwright+te_a466e221dfe76eb6a42f4d2db719b2ed\node_modules\next\dist\build\utils.js
<w>  at file dependencies D:\gji_research\GJI-DDC\gj-jn-policy-radar-web\node_modules\.pnpm\next@14.2.35_@playwright+te_a466e221dfe76eb6a42f4d2db719b2ed\node_modules\next\dist\build\webpack\loaders\next-route-loader\index.js
<w>  at file D:\gji_research\GJI-DDC\gj-jn-policy-radar-web\node_modules\.pnpm\next@14.2.35_@playwright+te_a466e221dfe76eb6a42f4d2db719b2ed\node_modules\next\dist\build\webpack\loaders\next-route-loader\index.js
<w>  at resolve commonjs D:\gji_research\GJI-DDC\gj-jn-policy-radar-web\node_modules\.pnpm\next@14.2.35_@playwright+te_a466e221dfe76eb6a42f4d2db719b2ed\node_modules\next\dist\build\webpack\loaders\next-route-loader\index.js
<w> [webpack.cache.PackFileCacheStrategy/webpack.FileSystemInfo] Resolving './vendor-chunks/size-sensor@1.0.3' in D:\gji_research\GJI-DDC\gj-jn-policy-radar-web\.next\server for build dependencies doesn't lead to expected result 'D:\gji_research\GJI-DDC\gj-jn-policy-radar-web\.next\server\vendor-chunks\size-sensor@1.0.3.js', but to 'Error: Can't resolve './vendor-chunks/size-sensor@1.0.3' in 'D:\gji_research\GJI-DDC\gj-jn-policy-radar-web\.next\server'' instead. Resolving dependencies are ignored for this path.
<w>  at resolve commonjs file ./vendor-chunks/size-sensor@1.0.3 (expected D:\gji_research\GJI-DDC\gj-jn-policy-radar-web\.next\server\vendor-chunks\size-sensor@1.0.3.js)
<w>  at file dependencies D:\gji_research\GJI-DDC\gj-jn-policy-radar-web\.next\server\webpack-runtime.js
<w>  at file D:\gji_research\GJI-DDC\gj-jn-policy-radar-web\.next\server\webpack-runtime.js
<w>  at file dependencies D:\gji_research\GJI-DDC\gj-jn-policy-radar-web\.next\server\app\_not-found\page.js
<w>  at file D:\gji_research\GJI-DDC\gj-jn-policy-radar-web\.next\server\app\_not-found\page.js
<w>  at file dependencies D:\gji_research\GJI-DDC\gj-jn-policy-radar-web\node_modules\.pnpm\next@14.2.35_@playwright+te_a466e221dfe76eb6a42f4d2db719b2ed\node_modules\next\dist\server\require.js
<w>  at file D:\gji_research\GJI-DDC\gj-jn-policy-radar-web\node_modules\.pnpm\next@14.2.35_@playwright+te_a466e221dfe76eb6a42f4d2db719b2ed\node_modules\next\dist\server\require.js
<w>  at file dependencies D:\gji_research\GJI-DDC\gj-jn-policy-radar-web\node_modules\.pnpm\next@14.2.35_@playwright+te_a466e221dfe76eb6a42f4d2db719b2ed\node_modules\next\dist\server\load-components.js
<w>  at file D:\gji_research\GJI-DDC\gj-jn-policy-radar-web\node_modules\.pnpm\next@14.2.35_@playwright+te_a466e221dfe76eb6a42f4d2db719b2ed\node_modules\next\dist\server\load-components.js
<w>  at file dependencies D:\gji_research\GJI-DDC\gj-jn-policy-radar-web\node_modules\.pnpm\next@14.2.35_@playwright+te_a466e221dfe76eb6a42f4d2db719b2ed\node_modules\next\dist\build\utils.js
<w>  at file D:\gji_research\GJI-DDC\gj-jn-policy-radar-web\node_modules\.pnpm\next@14.2.35_@playwright+te_a466e221dfe76eb6a42f4d2db719b2ed\node_modules\next\dist\build\utils.js
<w>  at file dependencies D:\gji_research\GJI-DDC\gj-jn-policy-radar-web\node_modules\.pnpm\next@14.2.35_@playwright+te_a466e221dfe76eb6a42f4d2db719b2ed\node_modules\next\dist\build\webpack\loaders\next-route-loader\index.js
<w>  at file D:\gji_research\GJI-DDC\gj-jn-policy-radar-web\node_modules\.pnpm\next@14.2.35_@playwright+te_a466e221dfe76eb6a42f4d2db719b2ed\node_modules\next\dist\build\webpack\loaders\next-route-loader\index.js
<w>  at resolve commonjs D:\gji_research\GJI-DDC\gj-jn-policy-radar-web\node_modules\.pnpm\next@14.2.35_@playwright+te_a466e221dfe76eb6a42f4d2db719b2ed\node_modules\next\dist\build\webpack\loaders\next-route-loader\index.js
<w> [webpack.cache.PackFileCacheStrategy/webpack.FileSystemInfo] Resolving './vendor-chunks/@radix-ui+react-roving-focu_9d6930dbd5508287ed8d605cdecb0ee4' in D:\gji_research\GJI-DDC\gj-jn-policy-radar-web\.next\server for build dependencies doesn't lead to expected result 'D:\gji_research\GJI-DDC\gj-jn-policy-radar-web\.next\server\vendor-chunks\@radix-ui+react-roving-focu_9d6930dbd5508287ed8d605cdecb0ee4.js', but to 'Error: Can't resolve './vendor-chunks/@radix-ui+react-roving-focu_9d6930dbd5508287ed8d605cdecb0ee4' in 'D:\gji_research\GJI-DDC\gj-jn-policy-radar-web\.next\server'' instead. Resolving dependencies are ignored for this path.
<w>  at resolve commonjs file ./vendor-chunks/@radix-ui+react-roving-focu_9d6930dbd5508287ed8d605cdecb0ee4 (expected D:\gji_research\GJI-DDC\gj-jn-policy-radar-web\.next\server\vendor-chunks\@radix-ui+react-roving-focu_9d6930dbd5508287ed8d605cdecb0ee4.js)
<w>  at file dependencies D:\gji_research\GJI-DDC\gj-jn-policy-radar-web\.next\server\webpack-runtime.js
<w>  at file D:\gji_research\GJI-DDC\gj-jn-policy-radar-web\.next\server\webpack-runtime.js
<w>  at file dependencies D:\gji_research\GJI-DDC\gj-jn-policy-radar-web\.next\server\app\_not-found\page.js
<w>  at file D:\gji_research\GJI-DDC\gj-jn-policy-radar-web\.next\server\app\_not-found\page.js
<w>  at file dependencies D:\gji_research\GJI-DDC\gj-jn-policy-radar-web\node_modules\.pnpm\next@14.2.35_@playwright+te_a466e221dfe76eb6a42f4d2db719b2ed\node_modules\next\dist\server\require.js
<w>  at file D:\gji_research\GJI-DDC\gj-jn-policy-radar-web\node_modules\.pnpm\next@14.2.35_@playwright+te_a466e221dfe76eb6a42f4d2db719b2ed\node_modules\next\dist\server\require.js
<w>  at file dependencies D:\gji_research\GJI-DDC\gj-jn-policy-radar-web\node_modules\.pnpm\next@14.2.35_@playwright+te_a466e221dfe76eb6a42f4d2db719b2ed\node_modules\next\dist\server\load-components.js
<w>  at file D:\gji_research\GJI-DDC\gj-jn-policy-radar-web\node_modules\.pnpm\next@14.2.35_@playwright+te_a466e221dfe76eb6a42f4d2db719b2ed\node_modules\next\dist\server\load-components.js
<w>  at file dependencies D:\gji_research\GJI-DDC\gj-jn-policy-radar-web\node_modules\.pnpm\next@14.2.35_@playwright+te_a466e221dfe76eb6a42f4d2db719b2ed\node_modules\next\dist\build\utils.js
<w>  at file D:\gji_research\GJI-DDC\gj-jn-policy-radar-web\node_modules\.pnpm\next@14.2.35_@playwright+te_a466e221dfe76eb6a42f4d2db719b2ed\node_modules\next\dist\build\utils.js
<w>  at file dependencies D:\gji_research\GJI-DDC\gj-jn-policy-radar-web\node_modules\.pnpm\next@14.2.35_@playwright+te_a466e221dfe76eb6a42f4d2db719b2ed\node_modules\next\dist\build\webpack\loaders\next-route-loader\index.js
<w>  at file D:\gji_research\GJI-DDC\gj-jn-policy-radar-web\node_modules\.pnpm\next@14.2.35_@playwright+te_a466e221dfe76eb6a42f4d2db719b2ed\node_modules\next\dist\build\webpack\loaders\next-route-loader\index.js
<w>  at resolve commonjs D:\gji_research\GJI-DDC\gj-jn-policy-radar-web\node_modules\.pnpm\next@14.2.35_@playwright+te_a466e221dfe76eb6a42f4d2db719b2ed\node_modules\next\dist\build\webpack\loaders\next-route-loader\index.js
<w> [webpack.cache.PackFileCacheStrategy] Caching failed for pack: Error: ENOENT: no such file or directory, lstat 'D:\gji_research\GJI-DDC\gj-jn-policy-radar-web\.next\server\vendor-chunks\maplibre-gl@5.24.0.js'
<w> [webpack.cache.PackFileCacheStrategy/webpack.FileSystemInfo] Resolving './vendor-chunks/maplibre-gl@5.24.0' in D:\gji_research\GJI-DDC\gj-jn-policy-radar-web\.next\server for build dependencies doesn't lead to expected result 'D:\gji_research\GJI-DDC\gj-jn-policy-radar-web\.next\server\vendor-chunks\maplibre-gl@5.24.0.js', but to 'Error: Can't resolve './vendor-chunks/maplibre-gl@5.24.0' in 'D:\gji_research\GJI-DDC\gj-jn-policy-radar-web\.next\server'' instead. Resolving dependencies are ignored for this path.
<w>  at resolve commonjs file ./vendor-chunks/maplibre-gl@5.24.0 (expected D:\gji_research\GJI-DDC\gj-jn-policy-radar-web\.next\server\vendor-chunks\maplibre-gl@5.24.0.js)
<w>  at file dependencies D:\gji_research\GJI-DDC\gj-jn-policy-radar-web\.next\server\webpack-runtime.js
<w>  at file D:\gji_research\GJI-DDC\gj-jn-policy-radar-web\.next\server\webpack-runtime.js
<w>  at file dependencies D:\gji_research\GJI-DDC\gj-jn-policy-radar-web\.next\server\app\map\page.js
<w>  at file D:\gji_research\GJI-DDC\gj-jn-policy-radar-web\.next\server\app\map\page.js
<w>  at file dependencies D:\gji_research\GJI-DDC\gj-jn-policy-radar-web\node_modules\.pnpm\next@14.2.35_@playwright+te_a466e221dfe76eb6a42f4d2db719b2ed\node_modules\next\dist\server\require.js
<w>  at file D:\gji_research\GJI-DDC\gj-jn-policy-radar-web\node_modules\.pnpm\next@14.2.35_@playwright+te_a466e221dfe76eb6a42f4d2db719b2ed\node_modules\next\dist\server\require.js
<w>  at file dependencies D:\gji_research\GJI-DDC\gj-jn-policy-radar-web\node_modules\.pnpm\next@14.2.35_@playwright+te_a466e221dfe76eb6a42f4d2db719b2ed\node_modules\next\dist\server\load-components.js
<w>  at file D:\gji_research\GJI-DDC\gj-jn-policy-radar-web\node_modules\.pnpm\next@14.2.35_@playwright+te_a466e221dfe76eb6a42f4d2db719b2ed\node_modules\next\dist\server\load-components.js
<w>  at file dependencies D:\gji_research\GJI-DDC\gj-jn-policy-radar-web\node_modules\.pnpm\next@14.2.35_@playwright+te_a466e221dfe76eb6a42f4d2db719b2ed\node_modules\next\dist\build\utils.js
<w>  at file D:\gji_research\GJI-DDC\gj-jn-policy-radar-web\node_modules\.pnpm\next@14.2.35_@playwright+te_a466e221dfe76eb6a42f4d2db719b2ed\node_modules\next\dist\build\utils.js
<w>  at file dependencies D:\gji_research\GJI-DDC\gj-jn-policy-radar-web\node_modules\.pnpm\next@14.2.35_@playwright+te_a466e221dfe76eb6a42f4d2db719b2ed\node_modules\next\dist\build\webpack\loaders\next-route-loader\index.js
<w>  at file D:\gji_research\GJI-DDC\gj-jn-policy-radar-web\node_modules\.pnpm\next@14.2.35_@playwright+te_a466e221dfe76eb6a42f4d2db719b2ed\node_modules\next\dist\build\webpack\loaders\next-route-loader\index.js
<w>  at resolve commonjs D:\gji_research\GJI-DDC\gj-jn-policy-radar-web\node_modules\.pnpm\next@14.2.35_@playwright+te_a466e221dfe76eb6a42f4d2db719b2ed\node_modules\next\dist\build\webpack\loaders\next-route-loader\index.js
<w> [webpack.cache.PackFileCacheStrategy/webpack.FileSystemInfo] Resolving './vendor-chunks/fast-deep-equal@3.1.3' in D:\gji_research\GJI-DDC\gj-jn-policy-radar-web\.next\server for build dependencies doesn't lead to expected result 'D:\gji_research\GJI-DDC\gj-jn-policy-radar-web\.next\server\vendor-chunks\fast-deep-equal@3.1.3.js', but to 'Error: Can't resolve './vendor-chunks/fast-deep-equal@3.1.3' in 'D:\gji_research\GJI-DDC\gj-jn-policy-radar-web\.next\server'' instead. Resolving dependencies are ignored for this path.
<w>  at resolve commonjs file ./vendor-chunks/fast-deep-equal@3.1.3 (expected D:\gji_research\GJI-DDC\gj-jn-policy-radar-web\.next\server\vendor-chunks\fast-deep-equal@3.1.3.js)
<w>  at file dependencies D:\gji_research\GJI-DDC\gj-jn-policy-radar-web\.next\server\webpack-runtime.js
<w>  at file D:\gji_research\GJI-DDC\gj-jn-policy-radar-web\.next\server\webpack-runtime.js
<w>  at file dependencies D:\gji_research\GJI-DDC\gj-jn-policy-radar-web\.next\server\app\map\page.js
<w>  at file D:\gji_research\GJI-DDC\gj-jn-policy-radar-web\.next\server\app\map\page.js
<w>  at file dependencies D:\gji_research\GJI-DDC\gj-jn-policy-radar-web\node_modules\.pnpm\next@14.2.35_@playwright+te_a466e221dfe76eb6a42f4d2db719b2ed\node_modules\next\dist\server\require.js
<w>  at file D:\gji_research\GJI-DDC\gj-jn-policy-radar-web\node_modules\.pnpm\next@14.2.35_@playwright+te_a466e221dfe76eb6a42f4d2db719b2ed\node_modules\next\dist\server\require.js
<w>  at file dependencies D:\gji_research\GJI-DDC\gj-jn-policy-radar-web\node_modules\.pnpm\next@14.2.35_@playwright+te_a466e221dfe76eb6a42f4d2db719b2ed\node_modules\next\dist\server\load-components.js
<w>  at file D:\gji_research\GJI-DDC\gj-jn-policy-radar-web\node_modules\.pnpm\next@14.2.35_@playwright+te_a466e221dfe76eb6a42f4d2db719b2ed\node_modules\next\dist\server\load-components.js
<w>  at file dependencies D:\gji_research\GJI-DDC\gj-jn-policy-radar-web\node_modules\.pnpm\next@14.2.35_@playwright+te_a466e221dfe76eb6a42f4d2db719b2ed\node_modules\next\dist\build\utils.js
<w>  at file D:\gji_research\GJI-DDC\gj-jn-policy-radar-web\node_modules\.pnpm\next@14.2.35_@playwright+te_a466e221dfe76eb6a42f4d2db719b2ed\node_modules\next\dist\build\utils.js
<w>  at file dependencies D:\gji_research\GJI-DDC\gj-jn-policy-radar-web\node_modules\.pnpm\next@14.2.35_@playwright+te_a466e221dfe76eb6a42f4d2db719b2ed\node_modules\next\dist\build\webpack\loaders\next-route-loader\index.js
<w>  at file D:\gji_research\GJI-DDC\gj-jn-policy-radar-web\node_modules\.pnpm\next@14.2.35_@playwright+te_a466e221dfe76eb6a42f4d2db719b2ed\node_modules\next\dist\build\webpack\loaders\next-route-loader\index.js
<w>  at resolve commonjs D:\gji_research\GJI-DDC\gj-jn-policy-radar-web\node_modules\.pnpm\next@14.2.35_@playwright+te_a466e221dfe76eb6a42f4d2db719b2ed\node_modules\next\dist\build\webpack\loaders\next-route-loader\index.js
<w> [webpack.cache.PackFileCacheStrategy/webpack.FileSystemInfo] Resolving './vendor-chunks/size-sensor@1.0.3' in D:\gji_research\GJI-DDC\gj-jn-policy-radar-web\.next\server for build dependencies doesn't lead to expected result 'D:\gji_research\GJI-DDC\gj-jn-policy-radar-web\.next\server\vendor-chunks\size-sensor@1.0.3.js', but to 'Error: Can't resolve './vendor-chunks/size-sensor@1.0.3' in 'D:\gji_research\GJI-DDC\gj-jn-policy-radar-web\.next\server'' instead. Resolving dependencies are ignored for this path.
<w>  at resolve commonjs file ./vendor-chunks/size-sensor@1.0.3 (expected D:\gji_research\GJI-DDC\gj-jn-policy-radar-web\.next\server\vendor-chunks\size-sensor@1.0.3.js)
<w>  at file dependencies D:\gji_research\GJI-DDC\gj-jn-policy-radar-web\.next\server\webpack-runtime.js
<w>  at file D:\gji_research\GJI-DDC\gj-jn-policy-radar-web\.next\server\webpack-runtime.js
<w>  at file dependencies D:\gji_research\GJI-DDC\gj-jn-policy-radar-web\.next\server\app\map\page.js
<w>  at file D:\gji_research\GJI-DDC\gj-jn-policy-radar-web\.next\server\app\map\page.js
<w>  at file dependencies D:\gji_research\GJI-DDC\gj-jn-policy-radar-web\node_modules\.pnpm\next@14.2.35_@playwright+te_a466e221dfe76eb6a42f4d2db719b2ed\node_modules\next\dist\server\require.js
<w>  at file D:\gji_research\GJI-DDC\gj-jn-policy-radar-web\node_modules\.pnpm\next@14.2.35_@playwright+te_a466e221dfe76eb6a42f4d2db719b2ed\node_modules\next\dist\server\require.js
<w>  at file dependencies D:\gji_research\GJI-DDC\gj-jn-policy-radar-web\node_modules\.pnpm\next@14.2.35_@playwright+te_a466e221dfe76eb6a42f4d2db719b2ed\node_modules\next\dist\server\load-components.js
<w>  at file D:\gji_research\GJI-DDC\gj-jn-policy-radar-web\node_modules\.pnpm\next@14.2.35_@playwright+te_a466e221dfe76eb6a42f4d2db719b2ed\node_modules\next\dist\server\load-components.js
<w>  at file dependencies D:\gji_research\GJI-DDC\gj-jn-policy-radar-web\node_modules\.pnpm\next@14.2.35_@playwright+te_a466e221dfe76eb6a42f4d2db719b2ed\node_modules\next\dist\build\utils.js
<w>  at file D:\gji_research\GJI-DDC\gj-jn-policy-radar-web\node_modules\.pnpm\next@14.2.35_@playwright+te_a466e221dfe76eb6a42f4d2db719b2ed\node_modules\next\dist\build\utils.js
<w>  at file dependencies D:\gji_research\GJI-DDC\gj-jn-policy-radar-web\node_modules\.pnpm\next@14.2.35_@playwright+te_a466e221dfe76eb6a42f4d2db719b2ed\node_modules\next\dist\build\webpack\loaders\next-route-loader\index.js
<w>  at file D:\gji_research\GJI-DDC\gj-jn-policy-radar-web\node_modules\.pnpm\next@14.2.35_@playwright+te_a466e221dfe76eb6a42f4d2db719b2ed\node_modules\next\dist\build\webpack\loaders\next-route-loader\index.js
<w>  at resolve commonjs D:\gji_research\GJI-DDC\gj-jn-policy-radar-web\node_modules\.pnpm\next@14.2.35_@playwright+te_a466e221dfe76eb6a42f4d2db719b2ed\node_modules\next\dist\build\webpack\loaders\next-route-loader\index.js
<w> [webpack.cache.PackFileCacheStrategy/webpack.FileSystemInfo] Resolving './vendor-chunks/echarts-for-react@3.0.6_echarts@6.1.0_react@18.3.1' in D:\gji_research\GJI-DDC\gj-jn-policy-radar-web\.next\server for build dependencies doesn't lead to expected result 'D:\gji_research\GJI-DDC\gj-jn-policy-radar-web\.next\server\vendor-chunks\echarts-for-react@3.0.6_echarts@6.1.0_react@18.3.1.js', but to 'Error: Can't resolve './vendor-chunks/echarts-for-react@3.0.6_echarts@6.1.0_react@18.3.1' in 'D:\gji_research\GJI-DDC\gj-jn-policy-radar-web\.next\server'' instead. Resolving dependencies are ignored for this path.
<w>  at resolve commonjs file ./vendor-chunks/echarts-for-react@3.0.6_echarts@6.1.0_react@18.3.1 (expected D:\gji_research\GJI-DDC\gj-jn-policy-radar-web\.next\server\vendor-chunks\echarts-for-react@3.0.6_echarts@6.1.0_react@18.3.1.js)
<w>  at file dependencies D:\gji_research\GJI-DDC\gj-jn-policy-radar-web\.next\server\webpack-runtime.js
<w>  at file D:\gji_research\GJI-DDC\gj-jn-policy-radar-web\.next\server\webpack-runtime.js
<w>  at file dependencies D:\gji_research\GJI-DDC\gj-jn-policy-radar-web\.next\server\app\map\page.js
<w>  at file D:\gji_research\GJI-DDC\gj-jn-policy-radar-web\.next\server\app\map\page.js
<w>  at file dependencies D:\gji_research\GJI-DDC\gj-jn-policy-radar-web\node_modules\.pnpm\next@14.2.35_@playwright+te_a466e221dfe76eb6a42f4d2db719b2ed\node_modules\next\dist\server\require.js
<w>  at file D:\gji_research\GJI-DDC\gj-jn-policy-radar-web\node_modules\.pnpm\next@14.2.35_@playwright+te_a466e221dfe76eb6a42f4d2db719b2ed\node_modules\next\dist\server\require.js
<w>  at file dependencies D:\gji_research\GJI-DDC\gj-jn-policy-radar-web\node_modules\.pnpm\next@14.2.35_@playwright+te_a466e221dfe76eb6a42f4d2db719b2ed\node_modules\next\dist\server\load-components.js
<w>  at file D:\gji_research\GJI-DDC\gj-jn-policy-radar-web\node_modules\.pnpm\next@14.2.35_@playwright+te_a466e221dfe76eb6a42f4d2db719b2ed\node_modules\next\dist\server\load-components.js
<w>  at file dependencies D:\gji_research\GJI-DDC\gj-jn-policy-radar-web\node_modules\.pnpm\next@14.2.35_@playwright+te_a466e221dfe76eb6a42f4d2db719b2ed\node_modules\next\dist\build\utils.js
<w>  at file D:\gji_research\GJI-DDC\gj-jn-policy-radar-web\node_modules\.pnpm\next@14.2.35_@playwright+te_a466e221dfe76eb6a42f4d2db719b2ed\node_modules\next\dist\build\utils.js
<w>  at file dependencies D:\gji_research\GJI-DDC\gj-jn-policy-radar-web\node_modules\.pnpm\next@14.2.35_@playwright+te_a466e221dfe76eb6a42f4d2db719b2ed\node_modules\next\dist\build\webpack\loaders\next-route-loader\index.js
<w>  at file D:\gji_research\GJI-DDC\gj-jn-policy-radar-web\node_modules\.pnpm\next@14.2.35_@playwright+te_a466e221dfe76eb6a42f4d2db719b2ed\node_modules\next\dist\build\webpack\loaders\next-route-loader\index.js
<w>  at resolve commonjs D:\gji_research\GJI-DDC\gj-jn-policy-radar-web\node_modules\.pnpm\next@14.2.35_@playwright+te_a466e221dfe76eb6a42f4d2db719b2ed\node_modules\next\dist\build\webpack\loaders\next-route-loader\index.js
 ⚠ Your page app/page.tsx did not have a root layout. We created app\layout.tsx for you.
 ⚠ Your page app/trends/page.tsx did not have a root layout. We created app\layout.tsx for you.
 ⚠ Your page app/explorer/page.tsx did not have a root layout. We created app\layout.tsx for you.
 ⚠ Your page app/map/page.tsx did not have a root layout. We created app\layout.tsx for you.
 ⨯ ./src/components/layout/sidebar.tsx
Error: Failed to read source code from D:\gji_research\GJI-DDC\gj-jn-policy-radar-web\src\components\layout\sidebar.tsx

Caused by:
    지정된 파일을 찾을 수 없습니다. (os error 2)

Import trace for requested module:
./src/components/layout/sidebar.tsx
./src/components/layout/app-shell.tsx
./src/app/layout.tsx
 ⨯ ./src/components/layout/app-shell.tsx
Error: Failed to read source code from D:\gji_research\GJI-DDC\gj-jn-policy-radar-web\src\components\layout\app-shell.tsx

Caused by:
    지정된 파일을 찾을 수 없습니다. (os error 2)

Import trace for requested module:
./src/components/layout/app-shell.tsx
./src/app/layout.tsx
 ⨯ ./src/components/layout/header.tsx
Error: Failed to read source code from D:\gji_research\GJI-DDC\gj-jn-policy-radar-web\src\components\layout\header.tsx

Caused by:
    지정된 파일을 찾을 수 없습니다. (os error 2)

Import trace for requested module:
./src/components/layout/header.tsx
./src/components/layout/app-shell.tsx
 ⨯ ./src/components/layout/header.tsx
Error: Failed to read source code from D:\gji_research\GJI-DDC\gj-jn-policy-radar-web\src\components\layout\header.tsx

Caused by:
    지정된 파일을 찾을 수 없습니다. (os error 2)

Import trace for requested module:
./src/components/layout/header.tsx
./src/components/layout/app-shell.tsx
 ⨯ ./src/components/layout/StatusBar.tsx
Error: Failed to read source code from D:\gji_research\GJI-DDC\gj-jn-policy-radar-web\src\components\layout\StatusBar.tsx

Caused by:
    지정된 파일을 찾을 수 없습니다. (os error 2)

Import trace for requested module:
./src/components/layout/StatusBar.tsx
./src/components/layout/header.tsx
./src/components/layout/app-shell.tsx
 ⨯ ./src/components/layout/StatusBar.tsx
Error: Failed to read source code from D:\gji_research\GJI-DDC\gj-jn-policy-radar-web\src\components\layout\StatusBar.tsx

Caused by:
    지정된 파일을 찾을 수 없습니다. (os error 2)

Import trace for requested module:
./src/components/layout/StatusBar.tsx
./src/components/layout/header.tsx
./src/components/layout/app-shell.tsx
 ⨯ ./src/components/layout/breadcrumb.tsx
Error: Failed to read source code from D:\gji_research\GJI-DDC\gj-jn-policy-radar-web\src\components\layout\breadcrumb.tsx

Caused by:
    지정된 파일을 찾을 수 없습니다. (os error 2)

Import trace for requested module:
./src/components/layout/breadcrumb.tsx
./src/components/layout/app-shell.tsx
 ⨯ ./src/components/layout/breadcrumb.tsx
Error: Failed to read source code from D:\gji_research\GJI-DDC\gj-jn-policy-radar-web\src\components\layout\breadcrumb.tsx

Caused by:
    지정된 파일을 찾을 수 없습니다. (os error 2)

Import trace for requested module:
./src/components/layout/breadcrumb.tsx
./src/components/layout/app-shell.tsx
 ⨯ ./src/components/ui/ScoreBar.tsx
Error: Failed to read source code from D:\gji_research\GJI-DDC\gj-jn-policy-radar-web\src\components\ui\ScoreBar.tsx

Caused by:
    지정된 파일을 찾을 수 없습니다. (os error 2)

Import trace for requested module:
./src/components/ui/ScoreBar.tsx
./src/app/page.tsx
 ⨯ ./src/components/ui/ScoreBar.tsx
Error: Failed to read source code from D:\gji_research\GJI-DDC\gj-jn-policy-radar-web\src\components\ui\ScoreBar.tsx

Caused by:
    지정된 파일을 찾을 수 없습니다. (os error 2)

Import trace for requested module:
./src/components/ui/ScoreBar.tsx
./src/app/page.tsx
 ⨯ ./src/app/error.tsx:4:1
Module not found: Can't resolve '@/lib/monitoring/sentry'
[0m [90m 2 |[39m[0m
[0m [90m 3 |[39m [36mimport[39m { [33mButton[39m } [36mfrom[39m [32m"@/components/ui/button"[39m[33m;[39m[0m
[0m[31m[1m>[22m[39m[90m 4 |[39m [36mimport[39m { captureClientError } [36mfrom[39m [32m"@/lib/monitoring/sentry"[39m[33m;[39m[0m
[0m [90m   |[39m [31m[1m^[22m[39m[0m
[0m [90m 5 |[39m[0m
[0m [90m 6 |[39m [36mexport[39m [36mdefault[39m [36mfunction[39m [33mError[39m({ error[33m,[39m reset }[33m:[39m { error[33m:[39m [33mError[39m[33m;[39m reset[33m:[39m () [33m=>[39m [36mvoid[39m }) {[0m
[0m [90m 7 |[39m   captureClientError(error)[33m;[39m[0m

https://nextjs.org/docs/messages/module-not-found
 ⨯ ./src/app/error.tsx:4:1
Module not found: Can't resolve '@/lib/monitoring/sentry'
[0m [90m 2 |[39m[0m
[0m [90m 3 |[39m [36mimport[39m { [33mButton[39m } [36mfrom[39m [32m"@/components/ui/button"[39m[33m;[39m[0m
[0m[31m[1m>[22m[39m[90m 4 |[39m [36mimport[39m { captureClientError } [36mfrom[39m [32m"@/lib/monitoring/sentry"[39m[33m;[39m[0m
[0m [90m   |[39m [31m[1m^[22m[39m[0m
[0m [90m 5 |[39m[0m
[0m [90m 6 |[39m [36mexport[39m [36mdefault[39m [36mfunction[39m [33mError[39m({ error[33m,[39m reset }[33m:[39m { error[33m:[39m [33mError[39m[33m;[39m reset[33m:[39m () [33m=>[39m [36mvoid[39m }) {[0m
[0m [90m 7 |[39m   captureClientError(error)[33m;[39m[0m

https://nextjs.org/docs/messages/module-not-found
 ⚠ Found a change in next.config.mjs. Restarting the server to apply the changes...
